failed to open window `background`

Caused by:
    Failed to get primary monitor from GTK. Try explicitly specifying the monitor on your window.
failed to open window `profile`

Caused by:
    Failed to get primary monitor from GTK. Try explicitly specifying the monitor on your window.
failed to open window `system`

Caused by:
    Failed to get primary monitor from GTK. Try explicitly specifying the monitor on your window.
failed to open window `clock`

Caused by:
    Failed to get primary monitor from GTK. Try explicitly specifying the monitor on your window.
failed to open window `uptime`

Caused by:
    Failed to get primary monitor from GTK. Try explicitly specifying the monitor on your window.
failed to open window `music`

Caused by:
    Failed to get primary monitor from GTK. Try explicitly specifying the monitor on your window.
failed to open window `github`

Caused by:
    Failed to get primary monitor from GTK. Try explicitly specifying the monitor on your window.
failed to open window `reddit`

Caused by:
    Failed to get primary monitor from GTK. Try explicitly specifying the monitor on your window.
failed to open window `twitter`

Caused by:
    Failed to get primary monitor from GTK. Try explicitly specifying the monitor on your window.
failed to open window `youtube`

Caused by:
    Failed to get primary monitor from GTK. Try explicitly specifying the monitor on your window.
failed to open window `weather`

Caused by:
    Failed to get primary monitor from GTK. Try explicitly specifying the monitor on your window.
failed to open window `apps`

Caused by:
    Failed to get primary monitor from GTK. Try explicitly specifying the monitor on your window.
failed to open window `mail`

Caused by:
    Failed to get primary monitor from GTK. Try explicitly specifying the monitor on your window.
failed to open window `logout`

Caused by:
    Failed to get primary monitor from GTK. Try explicitly specifying the monitor on your window.
failed to open window `sleep`

Caused by:
    Failed to get primary monitor from GTK. Try explicitly specifying the monitor on your window.
failed to open window `reboot`

Caused by:
    Failed to get primary monitor from GTK. Try explicitly specifying the monitor on your window.
failed to open window `poweroff`

Caused by:
    Failed to get primary monitor from GTK. Try explicitly specifying the monitor on your window.
failed to open window `folders`

Caused by:
    Failed to get primary monitor from GTK. Try explicitly specifying the monitor on your window.
